interactions:
- request:
    body: ''
    headers:
      accept:
      - '*/*'
      connection:
      - keep-alive
    method: GET
    uri: http://localhost:8000/v1/functions/by_path/test/sdk/test_delete_function_by_id
  response:
    body:
      string: '{"detail":"Function not found"}'
    headers:
      content-length:
      - '31'
      content-type:
      - application/json
      date:
      - Thu, 02 May 2024 09:17:37 GMT
      server:
      - uvicorn
    status:
      code: 404
      message: Not Found
- request:
    body: '{"id": null, "path": "test/sdk/test_delete_function_by_id", "description":
      "Test function", "input_schema": null, "out_schema": null, "instructions": "Do
      something", "model": null, "index_ids": [], "use_semantic_search": null, "few_shot":
      null, "few_shot_count": null, "cache_configuration": null}'
    headers:
      accept:
      - '*/*'
      connection:
      - keep-alive
      content-length:
      - '297'
      content-type:
      - application/json
    method: POST
    uri: http://localhost:8000/v1/functions
  response:
    body:
      string: '{"id":24,"path":"test/sdk/test_delete_function_by_id","description":"Test
        function","input_schema":null,"out_schema":null,"instructions":"Do something","few_shot":false,"few_shot_count":2,"dataset_uuid":"55891e4f-91f2-48ef-a423-9f5dcb9fa61b","use_semantic_search":false,"model":"azure/gpt4-eu","language_model_id":8,"index_ids":[],"linked_function_ids":null,"revision":1,"cache_configuration":null}'
    headers:
      content-length:
      - '398'
      content-type:
      - application/json
      date:
      - Thu, 02 May 2024 09:17:37 GMT
      server:
      - uvicorn
    status:
      code: 200
      message: OK
- request:
    body: ''
    headers:
      accept:
      - '*/*'
      connection:
      - keep-alive
    method: DELETE
    uri: http://localhost:8000/v1/functions/24
  response:
    body:
      string: ''
    headers:
      content-type:
      - application/json
      date:
      - Thu, 02 May 2024 09:17:37 GMT
      server:
      - uvicorn
    status:
      code: 204
      message: No Content
- request:
    body: ''
    headers:
      accept:
      - '*/*'
      connection:
      - keep-alive
    method: GET
    uri: http://localhost:8000/v1/functions/24
  response:
    body:
      string: '{"detail":"Function not found"}'
    headers:
      content-length:
      - '31'
      content-type:
      - application/json
      date:
      - Thu, 02 May 2024 09:17:37 GMT
      server:
      - uvicorn
    status:
      code: 404
      message: Not Found
version: 1
