interactions:
- request:
    body: '{"name": "test_index_document"}'
    headers:
      accept:
      - '*/*'
      connection:
      - keep-alive
      content-length:
      - '31'
      content-type:
      - application/json
    method: POST
    uri: http://localhost:8000/v1/indexes
  response:
    body:
      string: '{"id":28,"name":"test_index_document","files":[],"created_at":"2024-05-02T10:54:43.552742Z"}'
    headers:
      content-length:
      - '92'
      content-type:
      - application/json
      date:
      - Thu, 02 May 2024 10:54:43 GMT
      server:
      - uvicorn
    status:
      code: 200
      message: OK
- request:
    body: '{"id": null, "uuid": null, "key": null, "content": "Hello", "metadata":
      {"source": "test"}}'
    headers:
      accept:
      - '*/*'
      connection:
      - keep-alive
      content-length:
      - '91'
      content-type:
      - application/json
    method: POST
    uri: http://localhost:8000/v1/indexes/28/index
  response:
    body:
      string: '{"id":12,"uuid":"a36fd9f3-051f-4bb0-b2bb-d85ed56f44a3","key":"a36fd9f3-051f-4bb0-b2bb-d85ed56f44a3"}'
    headers:
      content-length:
      - '100'
      content-type:
      - application/json
      date:
      - Thu, 02 May 2024 10:54:43 GMT
      server:
      - uvicorn
    status:
      code: 200
      message: OK
- request:
    body: ''
    headers:
      accept:
      - '*/*'
      connection:
      - keep-alive
    method: DELETE
    uri: http://localhost:8000/v1/indexes/28
  response:
    body:
      string: 'true'
    headers:
      content-length:
      - '4'
      content-type:
      - application/json
      date:
      - Thu, 02 May 2024 10:54:43 GMT
      server:
      - uvicorn
    status:
      code: 200
      message: OK
version: 1
